// Jest Snapshot v1, https://goo.gl/fbAQLP

exports[`JSON schema creation with abstract types json schema creation 1`] = `
Object {
  "properties": Object {
    "data": Object {
      "properties": Object {
        "u": Object {
          "properties": Object {},
          "type": Array [
            "object",
            "null",
          ],
        },
      },
      "type": Array [
        "object",
        "null",
      ],
    },
    "errors": Object {
      "items": Object {
        "additionalProperties": true,
        "properties": Object {
          "locations": Object {
            "items": Object {
              "properties": Object {
                "column": Object {
                  "type": "number",
                },
                "line": Object {
                  "type": "number",
                },
              },
              "type": "object",
            },
            "type": "array",
          },
          "message": Object {
            "type": "string",
          },
          "path": Object {
            "items": Object {
              "type": Array [
                "string",
                "number",
              ],
            },
            "type": "array",
          },
        },
        "type": "object",
      },
      "type": "array",
    },
  },
  "type": "object",
}
`;

exports[`json schema creator json schema creation 1`] = `
Object {
  "properties": Object {
    "data": Object {
      "nullable": true,
      "properties": Object {
        "article": Object {
          "nullable": true,
          "properties": Object {
            "author": Object {
              "nullable": false,
              "properties": Object {
                "id": Object {
                  "nullable": false,
                  "type": "string",
                },
                "name": Object {
                  "nullable": true,
                  "type": "string",
                },
                "pic": Object {
                  "nullable": true,
                  "properties": Object {
                    "height": Object {
                      "nullable": true,
                      "type": "integer",
                    },
                    "url": Object {
                      "nullable": true,
                      "type": "string",
                    },
                    "width": Object {
                      "nullable": true,
                      "type": "integer",
                    },
                  },
                  "type": "object",
                },
                "recentArticle": Object {
                  "nullable": true,
                  "properties": Object {
                    "body": Object {
                      "nullable": true,
                      "type": "string",
                    },
                    "id": Object {
                      "nullable": false,
                      "type": "string",
                    },
                    "isPublished": Object {
                      "nullable": true,
                      "type": "boolean",
                    },
                    "title": Object {
                      "nullable": true,
                      "type": "string",
                    },
                  },
                  "type": "object",
                },
              },
              "type": "object",
            },
            "body": Object {
              "nullable": true,
              "type": "string",
            },
            "id": Object {
              "nullable": false,
              "type": "string",
            },
            "isPublished": Object {
              "nullable": true,
              "type": "boolean",
            },
            "title": Object {
              "nullable": true,
              "type": "string",
            },
          },
          "type": "object",
        },
        "feed": Object {
          "items": Object {
            "nullable": true,
            "properties": Object {
              "id": Object {
                "nullable": false,
                "type": "string",
              },
              "title": Object {
                "nullable": true,
                "type": "string",
              },
            },
            "type": "object",
          },
          "nullable": true,
          "type": "array",
        },
      },
      "type": "object",
    },
    "errors": Object {
      "items": Object {
        "additionalProperties": true,
        "properties": Object {
          "locations": Object {
            "items": Object {
              "properties": Object {
                "column": Object {
                  "type": "number",
                },
                "line": Object {
                  "type": "number",
                },
              },
              "type": "object",
            },
            "type": "array",
          },
          "message": Object {
            "type": "string",
          },
          "path": Object {
            "items": Object {
              "type": Array [
                "string",
                "number",
              ],
            },
            "type": "array",
          },
        },
        "type": "object",
      },
      "type": "array",
    },
  },
  "type": "object",
}
`;
